../Core/Src/sequencer.c:13:10:Seq_NowMs	4	static
../Core/Src/sequencer.c:20:24:seq_rand	4	static
../Core/Src/sequencer.c:47:6:Seq_Init	32	static
../Core/Src/sequencer.c:105:6:Seq_SelectChannel	24	static
../Core/Src/sequencer.c:113:6:Seq_SetLength	32	static
../Core/Src/sequencer.c:136:9:Seq_GetLength	24	static
../Core/Src/sequencer.c:144:6:Seq_SetGlobalBPM	16	static
../Core/Src/sequencer.c:153:10:Seq_GetGlobalBPM	16	static
../Core/Src/sequencer.c:159:6:Seq_SetChannelBPM	24	static
../Core/Src/sequencer.c:180:10:Seq_GetChannelBPM	24	static
../Core/Src/sequencer.c:188:6:Seq_SetViewOffset	32	static
../Core/Src/sequencer.c:202:6:Seq_ToggleSolo	16	static
../Core/Src/sequencer.c:211:9:Seq_IsChannelActive	16	static
../Core/Src/sequencer.c:219:10:Seq_GetVisibleSteps	24	static
../Core/Src/sequencer.c:225:9:Seq_GetVisibleLength	24	static
../Core/Src/sequencer.c:234:6:Seq_UpdateGateOutputs	32	static
../Core/Src/sequencer.c:274:6:Seq_AllGatesOff	16	static
../Core/Src/sequencer.c:280:6:Seq_UpdateRoll	32	static
../Core/Src/sequencer.c:300:6:Seq_SetStep	24	static
../Core/Src/sequencer.c:309:6:Seq_ToggleStep	24	static
../Core/Src/sequencer.c:328:9:Seq_GetStep	24	static
../Core/Src/sequencer.c:340:6:Seq_AdvanceChannel	48	static
../Core/Src/sequencer.c:405:13:Seq_MeasureExternalClock	32	static
../Core/Src/sequencer.c:427:6:Seq_ResetExternalClock	16	static
../Core/Src/sequencer.c:437:10:Seq_AdvanceAll	40	static
../Core/Src/sequencer.c:477:6:Seq_TriggerGate	32	static
../Core/Src/sequencer.c:488:6:Seq_InitPending	24	static
../Core/Src/sequencer.c:499:6:Seq_CommitPending	24	static
../Core/Src/sequencer.c:512:6:Seq_CommitPendingAll	24	static
../Core/Src/sequencer.c:518:6:Seq_ClearChannel	24	static
../Core/Src/sequencer.c:526:6:Seq_ClearAllChannels	24	static
../Core/Src/sequencer.c:532:6:Seq_ResetChannel	24	static
../Core/Src/sequencer.c:538:6:Seq_ResetAllChannels	24	static
../Core/Src/sequencer.c:544:6:Seq_MuteChannel	24	static
../Core/Src/sequencer.c:550:6:Seq_MuteAllChannels	24	static
../Core/Src/sequencer.c:559:9:Seq_GetRatchet	16	static
../Core/Src/sequencer.c:565:6:Seq_SetRatchet	24	static
../Core/Src/sequencer.c:571:6:Seq_SaveToPreset	32	static
../Core/Src/sequencer.c:592:6:Seq_LoadFromPreset	32	static
../Core/Src/sequencer.c:622:10:Seq_HalfPeriodMs	24	static
../Core/Src/sequencer.c:629:9:Seq_TickClock	24	static
../Core/Src/sequencer.c:646:6:Seq_ResetChannelSettings	24	static
../Core/Src/sequencer.c:661:6:Seq_ResetAllChannelSettings	24	static
../Core/Src/sequencer.c:667:10:Seq_ServiceTick	24	static
