../Core/Src/ui.c:23:6:UI_Init	24	static
../Core/Src/ui.c:41:6:UIQueue_Push	24	static
../Core/Src/ui.c:48:9:UIQueue_Pop	16	static
../Core/Src/ui.c:55:13:dispatch_enc_a_turn	32	static
../Core/Src/ui.c:76:13:dispatch_enc_b_turn	48	static
../Core/Src/ui.c:118:13:dispatch_enc_c_turn	24	static
../Core/Src/ui.c:146:13:dispatch_enc_a_push	32	static
../Core/Src/ui.c:167:13:dispatch_enc_b_push	24	static
../Core/Src/ui.c:190:13:dispatch_enc_c_push	24	static
../Core/Src/ui.c:222:13:dispatch_step_press	40	static
../Core/Src/ui.c:285:13:dispatch_step_release	32	static
../Core/Src/ui.c:311:13:dispatch_fill_press	40	static
../Core/Src/ui.c:338:13:dispatch_fill_release	24	static
../Core/Src/ui.c:344:13:dispatch_record_press	56	static
../Core/Src/ui.c:400:13:SaveLoad_CursorLabel	32	static
../Core/Src/ui.c:415:6:UI_Dispatch	24	static
../Core/Src/ui.c:476:6:UI_RenderDisplay	176	static
../Core/Src/ui.c:619:13:Matrix_Build	64	static
../Core/Src/ui.c:693:6:UI_UpdateMatrix	48	static
../Core/Src/ui.c:715:6:UI_UpdateStepLEDs	40	static
